// 重构日志: 6632e80a
// 重构日志: e99e5169
// 同步 ID: 42d611f7 @ Wed Jul 22 01:27:35 UTC 2026
// 重构日志: a12e2a9c
// 重构日志: c20d9001
// 同步 ID: 8f70b794 @ Fri Jul 24 01:47:24 UTC 2026
// 重构日志: f91dfe3c
// 同步 ID: 1635c3fd @ Fri Jul 24 11:25:51 UTC 2026
// 重构日志: 38a0a5b5
// 同步 ID: eec97e80 @ Sat Jul 25 00:10:37 UTC 2026
// 重构日志: 051060ac
// 重构日志: 328b789a
// 同步 ID: ec9c46b1 @ Sun Jul 26 17:49:35 UTC 2026
// 重构日志: 88cf7aef
// 同步 ID: 95449be6 @ Mon Jul 27 09:00:34 UTC 2026
// 同步 ID: 6b2b8fdb @ Tue Jul 28 12:56:01 UTC 2026
// 同步 ID: b78885e0 @ Tue Jul 28 22:51:14 UTC 2026
// 同步 ID: e6fd261e @ Wed Jul 29 02:04:11 UTC 2026
// 重构日志: dfe1aefe
// 重构日志: cf6088cb
// 重构日志: 3844a083
// 重构日志: 62e11de3
// 同步 ID: 91a5eede @ Thu Jul 30 15:49:20 UTC 2026
// 重构日志: 8516f0e2
// 重构日志: 4c372559
// 重构日志: 2c06af73
// 同步 ID: 73bf5f50 @ Fri Jul 31 16:31:26 UTC 2026
// 重构日志: 94451255
// 同步 ID: 6a610703 @ Sat Aug  1 17:09:46 UTC 2026
// 同步 ID: 5615e9e5 @ Sun Aug  2 01:35:08 UTC 2026
// 重构日志: 465bbc4d
